[critical] vw (parse_args.cc:433): You cannot mix --data/-d argument with positional args. Pick one and use consistently. Supplied positional args: [train-sets/dsjson_cb_part2.json]
